Command line invocation:
    /Applications/Xcode_26.3.app/Contents/Developer/usr/bin/xcodebuild archive -workspace ./PrivaShieldBrowser.xcworkspace -scheme PrivaShieldBrowser -configuration Release -destination generic/platform=iOS -archivePath /Users/runner/work/PrivaShieldBrowser/PrivaShieldBrowser/build.xcarchive

ComputePackagePrebuildTargetDependencyGraph

Prepare packages

CreateBuildRequest

SendProjectDescription

CreateBuildOperation

ComputeTargetDependencyGraph
note: Building targets in dependency order
note: Target dependency graph (5 targets)
    Target 'PrivaShieldBrowser' in project 'PrivaShieldBrowser'
        ➜ Implicit dependency on target 'Pods-PrivaShieldBrowser' in project 'Pods' via file 'Pods_PrivaShieldBrowser.framework' in build phase 'Link Binary'
        ➜ Implicit dependency on target 'MProKit' in project 'Pods' via options '-framework MProKit' in build setting 'OTHER_LDFLAGS'
    Target 'Pods-PrivaShieldBrowser' in project 'Pods'
        ➜ Explicit dependency on target 'MProKit' in project 'Pods'
        ➜ Explicit dependency on target 'UMCommon' in project 'Pods'
        ➜ Explicit dependency on target 'UMDevice' in project 'Pods'
    Target 'MProKit' in project 'Pods'
        ➜ Explicit dependency on target 'UMCommon' in project 'Pods'
        ➜ Explicit dependency on target 'UMDevice' in project 'Pods'
    Target 'UMCommon' in project 'Pods'
        ➜ Explicit dependency on target 'UMDevice' in project 'Pods'
    Target 'UMDevice' in project 'Pods' (no dependencies)

GatherProvisioningInputs

CreateBuildDescription

ExecuteExternalTool /Applications/Xcode_26.3.app/Contents/Developer/Toolchains/XcodeDefault.xctoolchain/usr/bin/clang -v -E -dM -isysroot /Applications/Xcode_26.3.app/Contents/Developer/Platforms/iPhoneOS.platform/Developer/SDKs/iPhoneOS26.2.sdk -x c -c /dev/null

ExecuteExternalTool /Applications/Xcode_26.3.app/Contents/Developer/Toolchains/XcodeDefault.xctoolchain/usr/bin/clang -v -E -dM -arch arm64 -isysroot /Applications/Xcode_26.3.app/Contents/Developer/Platforms/iPhoneOS.platform/Developer/SDKs/iPhoneOS26.2.sdk -x c -c /dev/null

ExecuteExternalTool /Applications/Xcode_26.3.app/Contents/Developer/Toolchains/XcodeDefault.xctoolchain/usr/bin/clang -v -E -dM -arch arm64 -isysroot /Applications/Xcode_26.3.app/Contents/Developer/Platforms/iPhoneOS.platform/Developer/SDKs/iPhoneOS26.2.sdk -x objective-c -c /dev/null

ExecuteExternalTool /Applications/Xcode_26.3.app/Contents/Developer/usr/bin/actool --print-asset-tag-combinations --output-format xml1 /Users/runner/work/PrivaShieldBrowser/PrivaShieldBrowser/PrivaShieldBrowser/Resources/Assets.xcassets

ExecuteExternalTool /Applications/Xcode_26.3.app/Contents/Developer/Toolchains/XcodeDefault.xctoolchain/usr/bin/swiftc --version

ExecuteExternalTool /Applications/Xcode_26.3.app/Contents/Developer/Toolchains/XcodeDefault.xctoolchain/usr/bin/libtool -V

ExecuteExternalTool /Applications/Xcode_26.3.app/Contents/Developer/usr/bin/actool --version --output-format xml1

ExecuteExternalTool /Applications/Xcode_26.3.app/Contents/Developer/Toolchains/XcodeDefault.xctoolchain/usr/bin/ld -version_details

Build description signature: ff59daf18ac0857a78ffea16a12e7c9e
Build description path: /Users/runner/Library/Developer/Xcode/DerivedData/PrivaShieldBrowser-eadtxgdzfufucwbzzwsoaawvnycu/Build/Intermediates.noindex/ArchiveIntermediates/PrivaShieldBrowser/IntermediateBuildFilesPath/XCBuildData/ff59daf18ac0857a78ffea16a12e7c9e.xcbuilddata
/Users/runner/work/PrivaShieldBrowser/PrivaShieldBrowser/Pods/Pods.xcodeproj: warning: The iOS deployment target 'IPHONEOS_DEPLOYMENT_TARGET' is set to 9.0, but the range of supported deployment target versions is 12.0 to 26.2.99. (in target 'UMCommon' from project 'Pods')
/Users/runner/work/PrivaShieldBrowser/PrivaShieldBrowser/Pods/Pods.xcodeproj: warning: The iOS deployment target 'IPHONEOS_DEPLOYMENT_TARGET' is set to 9.0, but the range of supported deployment target versions is 12.0 to 26.2.99. (in target 'UMDevice' from project 'Pods')
/Users/runner/work/PrivaShieldBrowser/PrivaShieldBrowser/PrivaShieldBrowser.xcodeproj: error: "PrivaShieldBrowser" requires a provisioning profile. Select a provisioning profile in the Signing & Capabilities editor. (in target 'PrivaShieldBrowser' from project 'PrivaShieldBrowser')
** ARCHIVE FAILED **


The following build commands failed:
	Archiving workspace PrivaShieldBrowser with scheme PrivaShieldBrowser
(1 failure)
